LTspice 24.1.9 for Windows
Circuit: C:\Users\gwert\_itmo\электротехника\лабы\lab3\2_6.net
Start Time: Mon Dec  1 10:01:51 2025
solver = Normal
Maximum thread count: 12
tnom = 27
temp = 27
method = trap
Direct Newton iteration for .op point succeeded.
Total elapsed time: 0.353 seconds.

Files loaded:
C:\Users\gwert\_itmo\электротехника\лабы\lab3\2_6.net

i: RMS(I(R1))=0.208034992766 FROM 0 TO 0.05
ur: RMS(V(N001,N002))=6.03301478636 FROM 0 TO 0.05
uk: RMS(V(n003))=10.3864183471 FROM 0 TO 0.05
uc: RMS(V(N002,N003))=4.184818986 FROM 0 TO 0.05
t_u_up: V(n001)=-1.1990408666e-14 at 0.00398684067934
t_u_down: V(n001)=5.99520433298e-15 at 0.00539395576503
t_i_up: I(R1)=1.97324795392e-17 at 0.00113622296812
dt: t_i_up-t_u_up=1.20101411455e-14
t: t_u_down-t_u_up=1.79856129989e-14
phi: MOD(180*dt/T, 180)=120.197482639
amp_u_r: MAX(ABS(V(n001,n002)))=10.6369625548 FROM 0 TO 0.05
