LTspice 24.1.9 for Windows
Circuit: C:\Users\gwert\_itmo\электротехника\лабы\lab3\2_9.net
Start Time: Thu Nov 27 14:00:16 2025
solver = Normal
Maximum thread count: 12
tnom = 27
temp = 27
method = trap
Direct Newton iteration for .op point succeeded.
Total elapsed time: 0.045 seconds.

Files loaded:
C:\Users\gwert\_itmo\электротехника\лабы\lab3\2_9.net

t_i: time=0.00366316658644 at 0.00366316658644
t_u1: time=0.00368143108995 at 0.00368143108995
t_u2: time=0.00431252999351 at 0.00431252999351
i_max: MAX(I(V1))=0.515221834183 FROM 0 TO 0.02
i1_max: MIN(I(L1))=-0.144334614277 FROM 0 TO 0.02
i2_max: MAX(I(R1))=0.515364289284 FROM 0 TO 0.02
dt: t_i-t_u2=-0.000649363407069
t: t_u1-t_u2=-0.000631098903567
phi: 180*dt/T=185.20934296
i_rms: RMS(-I(V1))=0.376472015153 FROM 0 TO 0.02
i1_rms: RMS(-I(L1))=0.159689082378 FROM 0 TO 0.02
i2_rms: RMS(-I(R1))=0.364245440633 FROM 0 TO 0.02
